AR led_to_sseg behavioral C:/Users/C18Jacob.Orner/Documents/Schoolwork/Spring_2016/ECE_281/Labs_and_CEs/Lab3_Orner/led_to_sseg.vhd sub00/vhpl13 1459810204
EN led_to_sseg NULL C:/Users/C18Jacob.Orner/Documents/Schoolwork/Spring_2016/ECE_281/Labs_and_CEs/Lab3_Orner/led_to_sseg.vhd sub00/vhpl12 1459810203
AR mooreelevatorcontroller_shell behavioral C:/Users/C18Jacob.Orner/Documents/Schoolwork/Spring_2016/ECE_281/Labs_and_CEs/Lab3_Orner/MooreElevatorController_Shell.vhd sub00/vhpl08 1459810202
EN clock_divider NULL C:/Users/C18Jacob.Orner/Documents/Schoolwork/Spring_2016/ECE_281/Labs_and_CEs/Lab3_Orner/Lab3_clock_divider.vhd sub00/vhpl00 1459810195
AR nexys2_top_shell behavioral C:/Users/C18Jacob.Orner/Documents/Schoolwork/Spring_2016/ECE_281/Labs_and_CEs/Lab3_Orner/Nexys2_top_shell.vhd sub00/vhpl09 1459810206
AR clock_divider clock_divider C:/Users/C18Jacob.Orner/Documents/Schoolwork/Spring_2016/ECE_281/Labs_and_CEs/Lab3_Orner/Lab3_clock_divider.vhd sub00/vhpl01 1459810196
AR mealyelevatorcontroller_shell behavioral C:/Users/C18Jacob.Orner/Documents/Schoolwork/Spring_2016/ECE_281/Labs_and_CEs/Lab3_Orner/MealyElevatorController_Shell.vhd sub00/vhpl11 1459788762
EN nexys2_sseg NULL C:/Users/C18Jacob.Orner/Documents/Schoolwork/Spring_2016/ECE_281/Labs_and_CEs/Lab3_Orner/nexys2_sseg.vhd sub00/vhpl04 1459810199
EN nexys2_top_shell NULL C:/Users/C18Jacob.Orner/Documents/Schoolwork/Spring_2016/ECE_281/Labs_and_CEs/Lab3_Orner/Nexys2_top_shell.vhd sub00/vhpl06 1459810205
AR nibble_to_sseg behavioral C:/Users/C18Jacob.Orner/Documents/Schoolwork/Spring_2016/ECE_281/Labs_and_CEs/Lab3_Orner/nibble_to_sseg.vhd sub00/vhpl03 1459810198
EN mealyelevatorcontroller_shell NULL C:/Users/C18Jacob.Orner/Documents/Schoolwork/Spring_2016/ECE_281/Labs_and_CEs/Lab3_Orner/MealyElevatorController_Shell.vhd sub00/vhpl10 1459788761
EN nibble_to_sseg NULL C:/Users/C18Jacob.Orner/Documents/Schoolwork/Spring_2016/ECE_281/Labs_and_CEs/Lab3_Orner/nibble_to_sseg.vhd sub00/vhpl02 1459810197
AR nexys2_sseg behavioral C:/Users/C18Jacob.Orner/Documents/Schoolwork/Spring_2016/ECE_281/Labs_and_CEs/Lab3_Orner/nexys2_sseg.vhd sub00/vhpl05 1459810200
EN mooreelevatorcontroller_shell NULL C:/Users/C18Jacob.Orner/Documents/Schoolwork/Spring_2016/ECE_281/Labs_and_CEs/Lab3_Orner/MooreElevatorController_Shell.vhd sub00/vhpl07 1459810201
