V3 28
FL C:/Users/C18Jacob.Orner/Documents/Schoolwork/Spring_2016/ECE_281/Labs_and_CEs/CE3_Orner/MealyElevatorController_Shell.vhd 2016/03/14.15:08:02 P.20131013
FL C:/Users/C18Jacob.Orner/Documents/Schoolwork/Spring_2016/ECE_281/Labs_and_CEs/CE3_Orner/MooreElevatorController_Shell.vhd 2016/04/03.20:04:04 P.20131013
FL C:/Users/C18Jacob.Orner/Documents/Schoolwork/Spring_2016/ECE_281/Labs_and_CEs/Lab3_Orner/Lab3_clock_divider.vhd 2016/03/29.19:02:27 P.20131013
EN work/Clock_Divider 1459810195 \
      FL C:/Users/C18Jacob.Orner/Documents/Schoolwork/Spring_2016/ECE_281/Labs_and_CEs/Lab3_Orner/Lab3_clock_divider.vhd \
      PB ieee/std_logic_1164 1381692176 PB ieee/std_logic_arith 1381692177 \
      PB ieee/STD_LOGIC_UNSIGNED 1381692179
AR work/Clock_Divider/Clock_Divider 1459810196 \
      FL C:/Users/C18Jacob.Orner/Documents/Schoolwork/Spring_2016/ECE_281/Labs_and_CEs/Lab3_Orner/Lab3_clock_divider.vhd \
      EN work/Clock_Divider 1459810195
FL C:/Users/C18Jacob.Orner/Documents/Schoolwork/Spring_2016/ECE_281/Labs_and_CEs/Lab3_Orner/led_to_sseg.vhd 2016/04/04.16:48:06 P.20131013
EN work/led_to_sseg 1459810203 \
      FL C:/Users/C18Jacob.Orner/Documents/Schoolwork/Spring_2016/ECE_281/Labs_and_CEs/Lab3_Orner/led_to_sseg.vhd \
      PB ieee/std_logic_1164 1381692176
AR work/led_to_sseg/Behavioral 1459810204 \
      FL C:/Users/C18Jacob.Orner/Documents/Schoolwork/Spring_2016/ECE_281/Labs_and_CEs/Lab3_Orner/led_to_sseg.vhd \
      EN work/led_to_sseg 1459810203
FL C:/Users/C18Jacob.Orner/Documents/Schoolwork/Spring_2016/ECE_281/Labs_and_CEs/Lab3_Orner/MealyElevatorController_Shell.vhd 2016/04/04.10:52:31 P.20131013
EN work/MealyElevatorController_Shell 1459788761 \
      FL C:/Users/C18Jacob.Orner/Documents/Schoolwork/Spring_2016/ECE_281/Labs_and_CEs/Lab3_Orner/MealyElevatorController_Shell.vhd \
      PB ieee/std_logic_1164 1381692176
AR work/MealyElevatorController_Shell/Behavioral 1459788762 \
      FL C:/Users/C18Jacob.Orner/Documents/Schoolwork/Spring_2016/ECE_281/Labs_and_CEs/Lab3_Orner/MealyElevatorController_Shell.vhd \
      EN work/MealyElevatorController_Shell 1459788761
FL C:/Users/C18Jacob.Orner/Documents/Schoolwork/Spring_2016/ECE_281/Labs_and_CEs/Lab3_Orner/MooreElevatorController_Shell.vhd 2016/04/04.16:41:36 P.20131013
EN work/MooreElevatorController_Shell 1459810201 \
      FL C:/Users/C18Jacob.Orner/Documents/Schoolwork/Spring_2016/ECE_281/Labs_and_CEs/Lab3_Orner/MooreElevatorController_Shell.vhd \
      PB ieee/std_logic_1164 1381692176
AR work/MooreElevatorController_Shell/Behavioral 1459810202 \
      FL C:/Users/C18Jacob.Orner/Documents/Schoolwork/Spring_2016/ECE_281/Labs_and_CEs/Lab3_Orner/MooreElevatorController_Shell.vhd \
      EN work/MooreElevatorController_Shell 1459810201
FL C:/Users/C18Jacob.Orner/Documents/Schoolwork/Spring_2016/ECE_281/Labs_and_CEs/Lab3_Orner/nexys2_sseg.vhd 2016/03/29.19:05:18 P.20131013
EN work/nexys2_sseg 1459810199 \
      FL C:/Users/C18Jacob.Orner/Documents/Schoolwork/Spring_2016/ECE_281/Labs_and_CEs/Lab3_Orner/nexys2_sseg.vhd \
      PB ieee/std_logic_1164 1381692176 PB ieee/NUMERIC_STD 1381692181
AR work/nexys2_sseg/behavioral 1459810200 \
      FL C:/Users/C18Jacob.Orner/Documents/Schoolwork/Spring_2016/ECE_281/Labs_and_CEs/Lab3_Orner/nexys2_sseg.vhd \
      EN work/nexys2_sseg 1459810199
FL C:/Users/C18Jacob.Orner/Documents/Schoolwork/Spring_2016/ECE_281/Labs_and_CEs/Lab3_Orner/Nexys2_top_shell.vhd 2016/04/04.16:49:51 P.20131013
EN work/Nexys2_top_shell 1459810205 \
      FL C:/Users/C18Jacob.Orner/Documents/Schoolwork/Spring_2016/ECE_281/Labs_and_CEs/Lab3_Orner/Nexys2_top_shell.vhd \
      PB ieee/std_logic_1164 1381692176
AR work/Nexys2_top_shell/Behavioral 1459810206 \
      FL C:/Users/C18Jacob.Orner/Documents/Schoolwork/Spring_2016/ECE_281/Labs_and_CEs/Lab3_Orner/Nexys2_top_shell.vhd \
      EN work/Nexys2_top_shell 1459810205 CP Clock_Divider CP nibble_to_sseg \
      CP nexys2_sseg CP MooreElevatorController_Shell CP led_to_sseg
FL C:/Users/C18Jacob.Orner/Documents/Schoolwork/Spring_2016/ECE_281/Labs_and_CEs/Lab3_Orner/nibble_to_sseg.vhd 2016/04/04.10:34:58 P.20131013
EN work/nibble_to_sseg 1459810197 \
      FL C:/Users/C18Jacob.Orner/Documents/Schoolwork/Spring_2016/ECE_281/Labs_and_CEs/Lab3_Orner/nibble_to_sseg.vhd \
      PB ieee/std_logic_1164 1381692176
AR work/nibble_to_sseg/Behavioral 1459810198 \
      FL C:/Users/C18Jacob.Orner/Documents/Schoolwork/Spring_2016/ECE_281/Labs_and_CEs/Lab3_Orner/nibble_to_sseg.vhd \
      EN work/nibble_to_sseg 1459810197
