AR thunderbird_fsm behavioral C:/Users/C18Jacob.Orner/Documents/Schoolwork/Spring_2016/ECE_281/Labs_and_CEs/Lab3_Orner/thunderbird_fsm.vhf sub00/vhpl03 1456872982
EN thunderbird_fsm NULL C:/Users/C18Jacob.Orner/Documents/Schoolwork/Spring_2016/ECE_281/Labs_and_CEs/Lab3_Orner/thunderbird_fsm.vhf sub00/vhpl02 1456872981
AR and6_mxilinx_thunderbird_fsm behavioral C:/Users/C18Jacob.Orner/Documents/Schoolwork/Spring_2016/ECE_281/Labs_and_CEs/Lab3_Orner/thunderbird_fsm.vhf sub00/vhpl01 1456872980
EN and6_mxilinx_thunderbird_fsm NULL C:/Users/C18Jacob.Orner/Documents/Schoolwork/Spring_2016/ECE_281/Labs_and_CEs/Lab3_Orner/thunderbird_fsm.vhf sub00/vhpl00 1456872979
