EN ce1_orner_top NULL "C:/Users/C18Jacob.Orner/Documents/Schoolwork/Spring 2016/ECE 281/Labs_and_CEs/CE1_Orner/CE1_Orner_Top.vhf" sub00/vhpl00 1452746212
AR ce1_orner_top behavioral "C:/Users/C18Jacob.Orner/Documents/Schoolwork/Spring 2016/ECE 281/Labs_and_CEs/CE1_Orner/CE1_Orner_Top.vhf" sub00/vhpl01 1452746213
