V3 29
FL C:/Users/C18Jacob.Orner/Documents/Schoolwork/Spring_2016/ECE_281/Labs_and_CEs/Lab2_Orner/clock_divider.vhd 2016/03/01.22:37:15 P.20131013
EN work/clock_divider 1456940657 \
      FL C:/Users/C18Jacob.Orner/Documents/Schoolwork/Spring_2016/ECE_281/Labs_and_CEs/Lab2_Orner/clock_divider.vhd \
      PB ieee/std_logic_1164 1381692176 PB ieee/NUMERIC_STD 1381692181
AR work/clock_divider/horrible_method 1456940658 \
      FL C:/Users/C18Jacob.Orner/Documents/Schoolwork/Spring_2016/ECE_281/Labs_and_CEs/Lab2_Orner/clock_divider.vhd \
      EN work/clock_divider 1456940657
FL C:/Users/C18Jacob.Orner/Documents/Schoolwork/Spring_2016/ECE_281/Labs_and_CEs/Lab2_Orner/orner_top.vhf 2016/03/02.10:44:13 P.20131013
EN work/AND6_MXILINX_orner_top 1456940659 \
      FL C:/Users/C18Jacob.Orner/Documents/Schoolwork/Spring_2016/ECE_281/Labs_and_CEs/Lab2_Orner/orner_top.vhf \
      PB ieee/std_logic_1164 1381692176 PB ieee/NUMERIC_STD 1381692181 LB UNISIM \
      PH unisim/VCOMPONENTS 1381692182
AR work/AND6_MXILINX_orner_top/BEHAVIORAL 1456940660 \
      FL C:/Users/C18Jacob.Orner/Documents/Schoolwork/Spring_2016/ECE_281/Labs_and_CEs/Lab2_Orner/orner_top.vhf \
      EN work/AND6_MXILINX_orner_top 1456940659 CP AND3 CP AND4 CP FMAP
EN work/thunderbird_fsm_MUSER_orner_top 1456940661 \
      FL C:/Users/C18Jacob.Orner/Documents/Schoolwork/Spring_2016/ECE_281/Labs_and_CEs/Lab2_Orner/orner_top.vhf \
      PB ieee/std_logic_1164 1381692176 PB ieee/NUMERIC_STD 1381692181 LB UNISIM \
      PH unisim/VCOMPONENTS 1381692182
AR work/thunderbird_fsm_MUSER_orner_top/BEHAVIORAL 1456940662 \
      FL C:/Users/C18Jacob.Orner/Documents/Schoolwork/Spring_2016/ECE_281/Labs_and_CEs/Lab2_Orner/orner_top.vhf \
      EN work/thunderbird_fsm_MUSER_orner_top 1456940661 CP FD CP OR2 CP AND5 CP INV \
      CP OR3 CP AND6_MXILINX_orner_top CP AND3 CP AND4 CP AND2
EN work/orner_top 1456940663 \
      FL C:/Users/C18Jacob.Orner/Documents/Schoolwork/Spring_2016/ECE_281/Labs_and_CEs/Lab2_Orner/orner_top.vhf \
      PB ieee/std_logic_1164 1381692176 PB ieee/NUMERIC_STD 1381692181 LB UNISIM \
      PH unisim/VCOMPONENTS 1381692182
AR work/orner_top/BEHAVIORAL 1456940664 \
      FL C:/Users/C18Jacob.Orner/Documents/Schoolwork/Spring_2016/ECE_281/Labs_and_CEs/Lab2_Orner/orner_top.vhf \
      EN work/orner_top 1456940663 CP thunderbird_fsm_MUSER_orner_top \
      CP clock_divider
FL C:/Users/C18Jacob.Orner/Documents/Schoolwork/Spring_2016/ECE_281/Labs_and_CEs/Lab2_Orner/thunderbird_fsm.vhf 2016/03/01.23:06:57 P.20131013
EN work/AND6_MXILINX_thunderbird_fsm 1456940665 \
      FL C:/Users/C18Jacob.Orner/Documents/Schoolwork/Spring_2016/ECE_281/Labs_and_CEs/Lab2_Orner/thunderbird_fsm.vhf \
      PB ieee/std_logic_1164 1381692176 PB ieee/NUMERIC_STD 1381692181 LB UNISIM \
      PH unisim/VCOMPONENTS 1381692182
AR work/AND6_MXILINX_thunderbird_fsm/BEHAVIORAL 1456940666 \
      FL C:/Users/C18Jacob.Orner/Documents/Schoolwork/Spring_2016/ECE_281/Labs_and_CEs/Lab2_Orner/thunderbird_fsm.vhf \
      EN work/AND6_MXILINX_thunderbird_fsm 1456940665 CP AND3 CP AND4 CP FMAP
EN work/thunderbird_fsm 1456940667 \
      FL C:/Users/C18Jacob.Orner/Documents/Schoolwork/Spring_2016/ECE_281/Labs_and_CEs/Lab2_Orner/thunderbird_fsm.vhf \
      PB ieee/std_logic_1164 1381692176 PB ieee/NUMERIC_STD 1381692181 LB UNISIM \
      PH unisim/VCOMPONENTS 1381692182
AR work/thunderbird_fsm/BEHAVIORAL 1456940668 \
      FL C:/Users/C18Jacob.Orner/Documents/Schoolwork/Spring_2016/ECE_281/Labs_and_CEs/Lab2_Orner/thunderbird_fsm.vhf \
      EN work/thunderbird_fsm 1456940667 CP FD CP OR2 CP AND5 CP INV CP OR3 \
      CP AND6_MXILINX_thunderbird_fsm CP AND3 CP AND4 CP AND2
