AR ce2_orner_top behavioral C:/Users/C18Jacob.Orner/Documents/Schoolwork/Spring_2016/ECE_281/Labs_and_CEs/CE2_Orner/CE2_Orner_Top.vhf sub00/vhpl03 1453767097
AR ce2_orner_ha behavioral C:/Users/C18Jacob.Orner/Documents/Schoolwork/Spring_2016/ECE_281/Labs_and_CEs/CE2_Orner/CE2_Orner_HA.vhf sub00/vhpl05 1453767099
EN ce2_orner_ha_muser_ce2_orner_top NULL C:/Users/C18Jacob.Orner/Documents/Schoolwork/Spring_2016/ECE_281/Labs_and_CEs/CE2_Orner/CE2_Orner_Top.vhf sub00/vhpl00 1453767094
AR ce2_orner_ha_muser_ce2_orner_top behavioral C:/Users/C18Jacob.Orner/Documents/Schoolwork/Spring_2016/ECE_281/Labs_and_CEs/CE2_Orner/CE2_Orner_Top.vhf sub00/vhpl01 1453767095
EN ce2_orner_top NULL C:/Users/C18Jacob.Orner/Documents/Schoolwork/Spring_2016/ECE_281/Labs_and_CEs/CE2_Orner/CE2_Orner_Top.vhf sub00/vhpl02 1453767096
EN ce2_orner_ha NULL C:/Users/C18Jacob.Orner/Documents/Schoolwork/Spring_2016/ECE_281/Labs_and_CEs/CE2_Orner/CE2_Orner_HA.vhf sub00/vhpl04 1453767098
