EN orner_display_en_muser_orner_lab1_top NULL C:/Users/C18Jacob.Orner/Documents/Schoolwork/Spring_2016/ECE_281/Labs_and_CEs/ECE281_Lab1_Orner/Orner_Lab1_Top.vhf sub00/vhpl06 1454448254
AR inv4_mxilinx_orner_lab1_top behavioral C:/Users/C18Jacob.Orner/Documents/Schoolwork/Spring_2016/ECE_281/Labs_and_CEs/ECE281_Lab1_Orner/Orner_Lab1_Top.vhf sub00/vhpl05 1454448253
AR orner_lab1_sseg_decoder_muser_orner_lab1_top behavioral C:/Users/C18Jacob.Orner/Documents/Schoolwork/Spring_2016/ECE_281/Labs_and_CEs/ECE281_Lab1_Orner/Orner_Lab1_Top.vhf sub00/vhpl03 1454448251
EN orner_lab1_sseg_decoder_muser_orner_lab1_top NULL C:/Users/C18Jacob.Orner/Documents/Schoolwork/Spring_2016/ECE_281/Labs_and_CEs/ECE281_Lab1_Orner/Orner_Lab1_Top.vhf sub00/vhpl02 1454448250
EN orner_display_en NULL C:/Users/C18Jacob.Orner/Documents/Schoolwork/Spring_2016/ECE_281/Labs_and_CEs/ECE281_Lab1_Orner/Orner_display_en.vhf sub00/vhpl12 1454448260
EN orner_lab1_sseg_decoder NULL C:/Users/C18Jacob.Orner/Documents/Schoolwork/Spring_2016/ECE_281/Labs_and_CEs/ECE281_Lab1_Orner/Orner_Lab1_sseg_decoder.vhf sub00/vhpl00 1454448262
AR orner_display_en behavioral C:/Users/C18Jacob.Orner/Documents/Schoolwork/Spring_2016/ECE_281/Labs_and_CEs/ECE281_Lab1_Orner/Orner_display_en.vhf sub00/vhpl13 1454448261
EN orner_lab1_top NULL C:/Users/C18Jacob.Orner/Documents/Schoolwork/Spring_2016/ECE_281/Labs_and_CEs/ECE281_Lab1_Orner/Orner_Lab1_Top.vhf sub00/vhpl08 1454448256
AR orner_lab1_sseg_decoder behavioral C:/Users/C18Jacob.Orner/Documents/Schoolwork/Spring_2016/ECE_281/Labs_and_CEs/ECE281_Lab1_Orner/Orner_Lab1_sseg_decoder.vhf sub00/vhpl01 1454448263
AR orner_lab1_top behavioral C:/Users/C18Jacob.Orner/Documents/Schoolwork/Spring_2016/ECE_281/Labs_and_CEs/ECE281_Lab1_Orner/Orner_Lab1_Top.vhf sub00/vhpl09 1454448257
EN inv4_mxilinx_orner_lab1_top NULL C:/Users/C18Jacob.Orner/Documents/Schoolwork/Spring_2016/ECE_281/Labs_and_CEs/ECE281_Lab1_Orner/Orner_Lab1_Top.vhf sub00/vhpl04 1454448252
AR orner_display_en_muser_orner_lab1_top behavioral C:/Users/C18Jacob.Orner/Documents/Schoolwork/Spring_2016/ECE_281/Labs_and_CEs/ECE281_Lab1_Orner/Orner_Lab1_Top.vhf sub00/vhpl07 1454448255
EN inv4_mxilinx_orner_display_en NULL C:/Users/C18Jacob.Orner/Documents/Schoolwork/Spring_2016/ECE_281/Labs_and_CEs/ECE281_Lab1_Orner/Orner_display_en.vhf sub00/vhpl10 1454448258
AR inv4_mxilinx_orner_display_en behavioral C:/Users/C18Jacob.Orner/Documents/Schoolwork/Spring_2016/ECE_281/Labs_and_CEs/ECE281_Lab1_Orner/Orner_display_en.vhf sub00/vhpl11 1454448259
