--------------------------------------------------------------------------------
Release 14.7 Trace  (nt64)
Copyright (c) 1995-2013 Xilinx, Inc.  All rights reserved.

C:\Xilinx\14.7\ISE_DS\ISE\bin\nt64\unwrapped\trce.exe -intstyle ise -v 3 -s 4
-n 3 -fastpaths -xml Orner_Lab1_Top.twx Orner_Lab1_Top.ncd -o
Orner_Lab1_Top.twr Orner_Lab1_Top.pcf

Design file:              Orner_Lab1_Top.ncd
Physical constraint file: Orner_Lab1_Top.pcf
Device,package,speed:     xc3s500e,fg320,-4 (PRODUCTION 1.27 2013-10-13)
Report level:             verbose report

Environment Variable      Effect 
--------------------      ------ 
NONE                      No environment variables were set
--------------------------------------------------------------------------------

INFO:Timing:2698 - No timing constraints found, doing default enumeration.
INFO:Timing:3412 - To improve timing, see the Timing Closure User Guide (UG612).
INFO:Timing:2752 - To get complete path coverage, use the unconstrained paths 
   option. All paths that are not constrained will be reported in the 
   unconstrained paths section(s) of the report.
INFO:Timing:3339 - The clock-to-out numbers in this timing report are based on 
   a 50 Ohm transmission line loading model.  For the details of this model, 
   and for more information on accounting for different loading conditions, 
   please see the device datasheet.
INFO:Timing:3390 - This architecture does not support a default System Jitter 
   value, please add SYSTEM_JITTER constraint to the UCF to modify the Clock 
   Uncertainty calculation.
INFO:Timing:3389 - This architecture does not support 'Discrete Jitter' and 
   'Phase Error' calculations, these terms will be zero in the Clock 
   Uncertainty calculation.  Please make appropriate modification to 
   SYSTEM_JITTER to account for the unsupported Discrete Jitter and Phase 
   Error.



Data Sheet report:
-----------------
All values displayed in nanoseconds (ns)

Pad to Pad
---------------+---------------+---------+
Source Pad     |Destination Pad|  Delay  |
---------------+---------------+---------+
btn0           |sseg_a         |    8.108|
btn0           |sseg_b         |    6.777|
btn0           |sseg_c         |    7.171|
btn0           |sseg_d         |    7.053|
btn0           |sseg_e         |    7.569|
btn0           |sseg_f         |    8.173|
btn0           |sseg_g         |    7.987|
btn1           |sseg_a         |    7.602|
btn1           |sseg_b         |    6.329|
btn1           |sseg_c         |    6.893|
btn1           |sseg_d         |    6.770|
btn1           |sseg_e         |    7.063|
btn1           |sseg_f         |    7.725|
btn1           |sseg_g         |    7.372|
btn2           |sseg_a         |    7.437|
btn2           |sseg_b         |    6.137|
btn2           |sseg_c         |    6.959|
btn2           |sseg_d         |    6.474|
btn2           |sseg_e         |    6.898|
btn2           |sseg_f         |    7.533|
btn2           |sseg_g         |    7.359|
btn3           |sseg_a         |    7.439|
btn3           |sseg_b         |    6.101|
btn3           |sseg_c         |    7.485|
btn3           |sseg_d         |    7.073|
btn3           |sseg_e         |    6.645|
btn3           |sseg_f         |    7.242|
btn3           |sseg_g         |    6.899|
sw0            |an0            |    5.329|
sw1            |an1            |    5.380|
sw2            |an2            |    6.702|
sw3            |an3            |    6.434|
---------------+---------------+---------+


Analysis completed Tue Feb 02 14:24:36 2016 
--------------------------------------------------------------------------------

Trace Settings:
-------------------------
Trace Settings 

Peak Memory Usage: 163 MB



